../Core/Src/main.c:77:7:readVoltage	24	static
../Core/Src/main.c:82:6:HAL_ADC_ConvCpltCallback	16	static
../Core/Src/main.c:84:6:HAL_TIM_PeriodElapsedCallback	16	static
../Core/Src/main.c:98:5:main	24	static
../Core/Src/main.c:174:6:SystemClock_Config	88	static
../Core/Src/main.c:221:13:MX_ADC1_Init	24	static
../Core/Src/main.c:268:13:MX_CAN_Init	8	static
../Core/Src/main.c:305:13:MX_I2C1_Init	8	static
../Core/Src/main.c:339:13:MX_TIM3_Init	40	static
../Core/Src/main.c:385:13:MX_USART2_UART_Init	8	static
../Core/Src/main.c:418:13:MX_GPIO_Init	40	static
../Core/Src/main.c:462:6:Error_Handler	4	static,ignoring_inline_asm
